I like tea
I love picture